// Jest Snapshot v1, https://goo.gl/fbAQLP

exports[`Nav component matches snapshot 1`] = `
<DocumentFragment>
  <header>
    <a
      class="myheader"
      href="#"
    >
      my
      <span>
        Portfolio
      </span>
    </a>
    <ul>
      <li>
         
        <a
          href="#"
        >
          About Me
        </a>
         
      </li>
      <li>
         
        <a
          href="#"
        >
          Portfolio
        </a>
         
      </li>
      <li>
         
        <a
          href="#"
        >
          Contact
        </a>
         
      </li>
      <li>
         
        <a
          href="#"
        >
          Resume
        </a>
         
      </li>
    </ul>
  </header>
</DocumentFragment>
`;
